\BOOKMARK [0][-]{section*.1}{\376\377\000H\000A\000L\000A\000M\000A\000N\000\040\000J\000U\000D\000U\000L}{}% 1
\BOOKMARK [0][-]{section*.2}{\376\377\000H\000A\000L\000A\000M\000A\000N\000\040\000P\000E\000N\000G\000E\000S\000A\000H\000A\000N}{}% 2
\BOOKMARK [0][-]{section*.3}{\376\377\000H\000A\000L\000A\000M\000A\000N\000\040\000P\000E\000R\000N\000Y\000A\000T\000A\000A\000N\000\040\000B\000E\000B\000A\000S\000\040\000P\000L\000A\000G\000I\000A\000S\000I}{}% 3
\BOOKMARK [0][-]{chapter*.4}{\376\377\000H\000A\000L\000A\000M\000A\000N\000\040\000P\000E\000R\000S\000E\000M\000B\000A\000H\000A\000N}{}% 4
\BOOKMARK [0][-]{chapter*.5}{\376\377\000H\000A\000L\000A\000M\000A\000N\000\040\000M\000O\000T\000T\000O}{}% 5
\BOOKMARK [0][-]{chapter*.6}{\376\377\000P\000R\000A\000K\000A\000T\000A}{}% 6
\BOOKMARK [0][-]{section*.7}{\376\377\000D\000A\000F\000T\000A\000R\000\040\000I\000S\000I}{}% 7
\BOOKMARK [0][-]{section*.9}{\376\377\000D\000A\000F\000T\000A\000R\000\040\000T\000A\000B\000E\000L}{}% 8
\BOOKMARK [0][-]{section*.11}{\376\377\000D\000A\000F\000T\000A\000R\000\040\000G\000A\000M\000B\000A\000R}{}% 9
\BOOKMARK [0][-]{chapter*.13}{\376\377\000D\000A\000F\000T\000A\000R\000\040\000L\000A\000M\000B\000A\000N\000G}{}% 10
\BOOKMARK [0][-]{chapter*.14}{\376\377\000I\000N\000T\000I\000S\000A\000R\000I}{}% 11
\BOOKMARK [0][-]{chapter*.15}{\376\377\000A\000B\000S\000T\000R\000A\000C\000T}{}% 12
\BOOKMARK [0][-]{chapter.1}{\376\377\000P\000E\000N\000D\000A\000H\000U\000L\000U\000A\000N}{}% 13
\BOOKMARK [1][-]{section.1.1}{\376\377\000L\000a\000t\000a\000r\000\040\000B\000e\000l\000a\000k\000a\000n\000g\000\040\000M\000a\000s\000a\000l\000a\000h}{chapter.1}% 14
\BOOKMARK [1][-]{section.1.2}{\376\377\000T\000u\000j\000u\000a\000n\000\040\000d\000a\000n\000\040\000M\000a\000n\000f\000a\000a\000t\000\040\000P\000e\000n\000e\000l\000i\000t\000i\000a\000n}{chapter.1}% 15
\BOOKMARK [1][-]{section.1.3}{\376\377\000T\000i\000n\000j\000a\000u\000a\000n\000\040\000P\000u\000s\000t\000a\000k\000a}{chapter.1}% 16
\BOOKMARK [1][-]{section.1.4}{\376\377\000M\000e\000t\000o\000d\000o\000l\000o\000g\000i\000\040\000P\000e\000n\000e\000l\000i\000t\000i\000a\000n}{chapter.1}% 17
\BOOKMARK [1][-]{section.1.5}{\376\377\000S\000i\000s\000t\000e\000m\000a\000t\000i\000k\000a\000\040\000P\000e\000n\000u\000l\000i\000s\000a\000n}{chapter.1}% 18
\BOOKMARK [0][-]{chapter.2}{\376\377\000D\000A\000S\000A\000R\000\040\000T\000E\000O\000R\000I}{}% 19
\BOOKMARK [1][-]{section.2.1}{\376\377\000E\000l\000e\000c\000t\000r\000i\000c\000\040\000B\000i\000k\000e\000-\000S\000h\000a\000r\000i\000n\000g}{chapter.2}% 20
\BOOKMARK [1][-]{section.2.2}{\376\377\000G\000r\000a\000f\000\040\000B\000e\000r\000a\000r\000a\000h}{chapter.2}% 21
\BOOKMARK [1][-]{section.2.3}{\376\377\000P\000r\000o\000g\000r\000a\000m\000\040\000L\000i\000n\000e\000a\000r\000\040\000B\000i\000l\000a\000n\000g\000a\000n\000\040\000B\000u\000l\000a\000t}{chapter.2}% 22
\BOOKMARK [1][-]{section.2.4}{\376\377\000P\000r\000o\000s\000e\000s\000\040\000S\000t\000o\000k\000a\000s\000t\000i\000k\000\040\000d\000a\000n\000\040\000P\000r\000o\000b\000a\000b\000i\000l\000i\000t\000a\000s}{chapter.2}% 23
\BOOKMARK [1][-]{section.2.5}{\376\377\000T\000e\000o\000r\000i\000\040\000O\000p\000t\000i\000m\000i\000s\000a\000s\000i}{chapter.2}% 24
\BOOKMARK [0][-]{chapter.3}{\376\377\000O\000p\000t\000i\000m\000i\000s\000a\000s\000i\000\040\000S\000t\000o\000k\000a\000s\000t\000i\000k}{}% 25
\BOOKMARK [1][-]{section.3.1}{\376\377\000P\000r\000o\000g\000r\000a\000m\000\040\000S\000t\000o\000k\000a\000s\000t\000i\000k}{chapter.3}% 26
\BOOKMARK [2][-]{subsection.3.1.1}{\376\377\000P\000r\000o\000g\000r\000a\000m\000\040\000B\000i\000l\000a\000n\000g\000a\000n\000\040\000B\000u\000l\000a\000t\000\040\000S\000t\000o\000k\000a\000s\000t\000i\000k}{section.3.1}% 27
\BOOKMARK [2][-]{subsection.3.1.2}{\376\377\000P\000r\000o\000g\000r\000a\000m\000\040\000S\000t\000o\000k\000a\000s\000t\000i\000k\000\040\000D\000u\000a\000\040\000T\000a\000h\000a\000p}{section.3.1}% 28
\BOOKMARK [1][-]{section.3.2}{\376\377\000F\000i\000r\000e\000\040\000H\000a\000w\000k\000\040\000O\000p\000t\000i\000m\000i\000z\000e\000r}{chapter.3}% 29
\BOOKMARK [0][-]{chapter.4}{\376\377\000S\000I\000S\000T\000E\000M\000\040\000E\000L\000E\000C\000T\000R\000I\000C\000\040\000B\000I\000K\000E\000-\000S\000H\000A\000R\000I\000N\000G\000\040\000D\000I\000\040\000K\000O\000T\000A\000\040\000Y\000O\000G\000Y\000A\000K\000A\000R\000T\000A}{}% 30
\BOOKMARK [1][-]{section.4.1}{\376\377\000P\000e\000m\000o\000d\000e\000l\000a\000n\000\040\000S\000i\000s\000t\000e\000m\000\040\000E\000l\000e\000c\000t\000r\000i\000c\000\040\000B\000i\000k\000e\000-\000S\000h\000a\000r\000i\000n\000g}{chapter.4}% 31
\BOOKMARK [2][-]{subsection.4.1.1}{\376\377\000K\000o\000m\000p\000l\000e\000k\000s\000i\000t\000a\000s\000\040\000S\000i\000s\000t\000e\000m\000\040\000E\000l\000e\000c\000t\000r\000i\000c\000\040\000B\000i\000k\000e\000-\000S\000h\000a\000r\000i\000n\000g}{section.4.1}% 32
\BOOKMARK [2][-]{subsection.4.1.2}{\376\377\000P\000e\000n\000d\000e\000k\000a\000t\000a\000n\000\040\000P\000e\000m\000o\000d\000e\000l\000a\000n\000\040\000S\000t\000o\000k\000a\000s\000t\000i\000k\000\040\000D\000u\000a\000\040\000T\000a\000h\000a\000p}{section.4.1}% 33
\BOOKMARK [2][-]{subsection.4.1.3}{\376\377\000K\000o\000m\000p\000o\000n\000e\000n\000\040\000U\000t\000a\000m\000a\000\040\000M\000o\000d\000e\000l}{section.4.1}% 34
\BOOKMARK [2][-]{subsection.4.1.4}{\376\377\000S\000t\000r\000u\000k\000t\000u\000r\000\040\000M\000o\000d\000e\000l}{section.4.1}% 35
\BOOKMARK [1][-]{section.4.2}{\376\377\000A\000s\000u\000m\000s\000i\000\040\000d\000a\000n\000\040\000N\000o\000t\000a\000s\000i}{chapter.4}% 36
\BOOKMARK [1][-]{section.4.3}{\376\377\000F\000o\000r\000m\000u\000l\000a\000s\000i\000\040\000P\000e\000r\000m\000a\000s\000a\000l\000a\000h\000a\000n}{chapter.4}% 37
\BOOKMARK [1][-]{section.4.4}{\376\377\000S\000i\000m\000u\000l\000a\000s\000i}{chapter.4}% 38
\BOOKMARK [2][-]{subsection.4.4.1}{\376\377\000G\000e\000n\000e\000r\000a\000t\000i\000n\000g\000\040\000D\000a\000t\000a}{section.4.4}% 39
\BOOKMARK [1][-]{section.4.5}{\376\377\000P\000r\000o\000s\000e\000d\000u\000r\000\040\000A\000l\000g\000o\000r\000i\000t\000m\000a\000\040\000F\000i\000r\000e\000\040\000H\000a\000w\000k\000\040\000O\000p\000t\000i\000m\000i\000z\000e\000r}{chapter.4}% 40
\BOOKMARK [2][-]{subsection.4.5.1}{\376\377\000I\000n\000i\000s\000i\000a\000l\000i\000s\000a\000s\000i}{section.4.5}% 41
\BOOKMARK [2][-]{subsection.4.5.2}{\376\377\000E\000v\000a\000l\000u\000a\000s\000i\000\040\000d\000a\000n\000\040\000S\000e\000l\000e\000k\000s\000i}{section.4.5}% 42
\BOOKMARK [2][-]{subsection.4.5.3}{\376\377\000P\000e\000n\000e\000n\000t\000u\000a\000n\000\040\000T\000e\000r\000i\000t\000o\000r\000i}{section.4.5}% 43
\BOOKMARK [2][-]{subsection.4.5.4}{\376\377\000P\000e\000m\000b\000a\000r\000u\000a\000n\000\040\000P\000o\000s\000i\000s\000i\000\040\000E\000l\000a\000n\000g\000\040\000A\000p\000i}{section.4.5}% 44
\BOOKMARK [2][-]{subsection.4.5.5}{\376\377\000P\000e\000m\000b\000a\000r\000u\000a\000n\000\040\000P\000o\000s\000i\000s\000i\000\040\000M\000a\000n\000g\000s\000a}{section.4.5}% 45
\BOOKMARK [2][-]{subsection.4.5.6}{\376\377\000T\000e\000m\000p\000a\000t\000\040\000A\000m\000a\000n}{section.4.5}% 46
\BOOKMARK [2][-]{subsection.4.5.7}{\376\377\000P\000r\000o\000s\000e\000s\000\040\000I\000t\000e\000r\000a\000s\000i\000\040\000d\000a\000n\000\040\000K\000r\000i\000t\000e\000r\000i\000a\000\040\000P\000e\000n\000g\000h\000e\000n\000t\000i\000a\000n}{section.4.5}% 47
\BOOKMARK [2][-]{subsection.4.5.8}{\376\377\000O\000u\000t\000p\000u\000t\000\040\000S\000i\000m\000u\000l\000a\000s\000i}{section.4.5}% 48
\BOOKMARK [0][-]{chapter.5}{\376\377\000P\000E\000N\000U\000T\000U\000P}{}% 49
\BOOKMARK [1][-]{section.5.1}{\376\377\000K\000e\000s\000i\000m\000p\000u\000l\000a\000n}{chapter.5}% 50
\BOOKMARK [1][-]{section.5.2}{\376\377\000S\000a\000r\000a\000n}{chapter.5}% 51
\BOOKMARK [0][-]{chapter*.32}{\376\377\000D\000A\000F\000T\000A\000R\000\040\000P\000U\000S\000T\000A\000K\000A}{}% 52
\BOOKMARK [0][-]{appendix.A}{\376\377\000D\000A\000T\000A}{}% 53
\BOOKMARK [0][-]{appendix.B}{\376\377\000L\000A\000M\000P\000I\000R\000A\000N\000\040\000P\000E\000N\000Y\000E\000L\000E\000S\000A\000I\000A\000N\000\040\000S\000I\000S\000T\000E\000M\000\040\000E\000L\000E\000C\000T\000R\000I\000C\000\040\000B\000I\000K\000E\000-\000S\000H\000A\000R\000I\000N\000G\000\040\000S\000E\000D\000E\000R\000H\000A\000N\000A\000\040\000D\000E\000N\000G\000A\000N\000\040\000L\000I\000N\000G\000O}{}% 54
\BOOKMARK [0][-]{appendix.C}{\376\377\000L\000A\000M\000P\000I\000R\000A\000N\000\040\000P\000E\000N\000Y\000E\000L\000E\000S\000A\000I\000A\000N\000\040\000S\000I\000S\000T\000E\000M\000\040\000E\000L\000E\000C\000T\000R\000I\000C\000\040\000B\000I\000K\000E\000-\000S\000H\000A\000R\000I\000N\000G\000\040\000S\000E\000D\000E\000R\000H\000A\000N\000A\000\040\000D\000E\000N\000G\000A\000N\000\040\000F\000I\000R\000E\000\040\000H\000A\000W\000K\000\040\000O\000P\000T\000I\000M\000I\000Z\000E\000R}{}% 55
\BOOKMARK [0][-]{appendix.D}{\376\377\000L\000A\000M\000P\000I\000R\000A\000N\000\040\000S\000K\000R\000I\000P\000\040\000P\000R\000O\000G\000R\000A\000M\000\040\000G\000E\000N\000E\000R\000A\000T\000I\000N\000G\000\040\000D\000A\000T\000A}{}% 56
\BOOKMARK [0][-]{appendix.E}{\376\377\000L\000A\000M\000P\000I\000R\000A\000N\000\040\000S\000K\000R\000I\000P\000\040\000P\000E\000N\000Y\000E\000L\000E\000S\000A\000I\000A\000N\000\040\000A\000L\000G\000O\000R\000I\000T\000M\000A\000\040\000F\000I\000R\000E\000\040\000H\000A\000W\000K\000\040\000O\000P\000T\000I\000M\000I\000Z\000E\000R}{}% 57
